  Determining projects to restore...
  All projects are up-to-date for restore.
  AnagramSolver.Contracts -> C:\Users\e.keizik\Tasks\AnagramSolver\AnagramSolver.Contracts\bin\Debug\net8.0\AnagramSolver.Contracts.dll
  AnagramSolver.BusinessLogic -> C:\Users\e.keizik\Tasks\AnagramSolver\AnagramSolver.BuisnessLogic\bin\Debug\net8.0\AnagramSolver.BusinessLogic.dll
  AnagramSolver.Cli -> C:\Users\e.keizik\Tasks\AnagramSolver\AnagramSolver.Cli\bin\Debug\net8.0\AnagramSolver.Cli.dll
  AnagramSolver.BusinessLogic.Tests -> C:\Users\e.keizik\Tasks\AnagramSolver\AnagramSolver.BusinessLogic.Tests\bin\Debug\net8.0\AnagramSolver.BusinessLogic.Tests.dll
Test run for C:\Users\e.keizik\Tasks\AnagramSolver\AnagramSolver.BusinessLogic.Tests\bin\Debug\net8.0\AnagramSolver.BusinessLogic.Tests.dll (.NETCoreApp,Version=v8.0)
VSTest version 18.0.1 (x64)

Starting test execution, please wait...
  AnagramSolver.Cli.Tests -> C:\Users\e.keizik\Tasks\AnagramSolver\AnagramSolver.Cli.Tests\bin\Debug\net8.0\AnagramSolver.Cli.Tests.dll
A total of 1 test files matched the specified pattern.
Test run for C:\Users\e.keizik\Tasks\AnagramSolver\AnagramSolver.Cli.Tests\bin\Debug\net8.0\AnagramSolver.Cli.Tests.dll (.NETCoreApp,Version=v8.0)
  AnagramSolver.WebApp -> C:\Users\e.keizik\Tasks\AnagramSolver\AnagramSolver.WebApp\bin\Debug\net8.0\AnagramSolver.WebApp.dll
VSTest version 18.0.1 (x64)

Starting test execution, please wait...
A total of 1 test files matched the specified pattern.
  AnagramSolver.WebApp.Tests -> C:\Users\e.keizik\Tasks\AnagramSolver\AnagramSolver.WebApp.Tests\bin\Debug\net8.0\AnagramSolver.WebApp.Tests.dll
Test run for C:\Users\e.keizik\Tasks\AnagramSolver\AnagramSolver.WebApp.Tests\bin\Debug\net8.0\AnagramSolver.WebApp.Tests.dll (.NETCoreApp,Version=v8.0)
VSTest version 18.0.1 (x64)

dotnet : [xUnit.net 00:00:00.21]     AnagramSolver.BuisnessLogic.Tests.AnagramSearchEngineTests.FindAllCombinations_WithMultipleWordsInSameGroup_FindsMultiplePaths 
[FAIL]
At line:1 char:7
+ try { dotnet test > test_output.txt 2>&1; Get-Content test_output.txt ...
+       ~~~~~~~~~~~~~~~~~~~~~~~~~~~~~~~~~~
    + CategoryInfo          : NotSpecified: ([xUnit.net 00:0...plePaths [FAIL]:String) [], RemoteException
    + FullyQualifiedErrorId : NativeCommandError
 
  Failed AnagramSolver.BuisnessLogic.Tests.AnagramSearchEngineTests.FindAllCombinations_WithMultipleWordsInSameGroup_FindsMultiplePaths [28 ms]
  Error Message:
   Expected allResults not to be empty.
  Stack Trace:
     at FluentAssertions.Execution.LateBoundTestFramework.Throw(String message)
   at FluentAssertions.Execution.DefaultAssertionStrategy.HandleFailure(String message)
   at FluentAssertions.Execution.AssertionScope.AddPreFormattedFailure(String formattedFailureMessage)
   at FluentAssertions.Execution.AssertionChain.FailWith(Func`1 getFailureReason)
   at FluentAssertions.Execution.AssertionChain.FailWith(Func`1 getFailureReason)
   at FluentAssertions.Execution.AssertionChain.FailWith(String message, Object[] args)
   at FluentAssertions.Execution.GivenSelector`1.FailWith(String message, Object[] args)
   at FluentAssertions.Execution.GivenSelector`1.FailWith(String message)
   at FluentAssertions.Collections.GenericCollectionAssertions`3.<NotBeEmpty>b__56_0(AssertionChain chain)
   at FluentAssertions.Execution.AssertionChain.WithExpectation(String message, Action`1 chain, Object[] args)
   at FluentAssertions.Execution.AssertionChain.WithExpectation(String message, Action`1 chain)
   at FluentAssertions.Collections.GenericCollectionAssertions`3.NotBeEmpty(String because, Object[] becauseArgs)
   at AnagramSolver.BuisnessLogic.Tests.AnagramSearchEngineTests.FindAllCombinations_WithMultipleWordsInSameGroup_FindsMultiplePaths() in C:\Users\e.keizik\Tasks\AnagramSolver\AnagramSolver.BusinessLogic.Tests\SearchEngineTest.cs:line 445
   at System.RuntimeMethodHandle.InvokeMethod(Object target, Void** arguments, Signature sig, Boolean isConstructor)
   at System.Reflection.MethodBaseInvoker.InvokeWithNoArgs(Object obj, BindingFlags invokeAttr)
[xUnit.net 00:00:00.23]     AnagramSolver.BuisnessLogic.Tests.AnagramSearchEngineTests.FindAllCombinations_WithMultipleWords_FindsAllPermutations [FAIL]
  Failed AnagramSolver.BuisnessLogic.Tests.AnagramSearchEngineTests.FindAllCombinations_WithMultipleWords_FindsAllPermutations [1 ms]
  Error Message:
   Expected allResults not to be empty.
  Stack Trace:
     at FluentAssertions.Execution.LateBoundTestFramework.Throw(String message)
   at FluentAssertions.Execution.DefaultAssertionStrategy.HandleFailure(String message)
   at FluentAssertions.Execution.AssertionScope.AddPreFormattedFailure(String formattedFailureMessage)
   at FluentAssertions.Execution.AssertionChain.FailWith(Func`1 getFailureReason)
   at FluentAssertions.Execution.AssertionChain.FailWith(Func`1 getFailureReason)
   at FluentAssertions.Execution.AssertionChain.FailWith(String message, Object[] args)
   at FluentAssertions.Execution.GivenSelector`1.FailWith(String message, Object[] args)
   at FluentAssertions.Execution.GivenSelector`1.FailWith(String message)
   at FluentAssertions.Collections.GenericCollectionAssertions`3.<NotBeEmpty>b__56_0(AssertionChain chain)
   at FluentAssertions.Execution.AssertionChain.WithExpectation(String message, Action`1 chain, Object[] args)
   at FluentAssertions.Execution.AssertionChain.WithExpectation(String message, Action`1 chain)
   at FluentAssertions.Collections.GenericCollectionAssertions`3.NotBeEmpty(String because, Object[] becauseArgs)
   at AnagramSolver.BuisnessLogic.Tests.AnagramSearchEngineTests.FindAllCombinations_WithMultipleWords_FindsAllPermutations() in C:\Users\e.keizik\Tasks\AnagramSolver\AnagramSolver.BusinessLogic.Tests\SearchEngineTest.cs:line 420
   at System.RuntimeMethodHandle.InvokeMethod(Object target, Void** arguments, Signature sig, Boolean isConstructor)
   at System.Reflection.MethodBaseInvoker.InvokeWithNoArgs(Object obj, BindingFlags invokeAttr)
[xUnit.net 00:00:00.24]     AnagramSolver.BuisnessLogic.Tests.AnagramSearchEngineTests.CanSubstract_WithVariousInputs_ProducesExpectedResults(letterBank: "programming", 
signature: "aging", expectedLeftover: "gmmorp", expectedResult: True) [FAIL]
[xUnit.net 00:00:00.24]     AnagramSolver.BuisnessLogic.Tests.AnagramSearchEngineTests.FindAllCombinations_ExcludesWordsInOriginalWords [FAIL]
  Failed AnagramSolver.BuisnessLogic.Tests.AnagramSearchEngineTests.CanSubstract_WithVariousInputs_ProducesExpectedResults(letterBank: "programming", signature: "aging", expectedLeftover: "gmmorp", expectedResult: True) [6 ms]
  Error Message:
   Expected result to be True, but found False.
  Stack Trace:
     at FluentAssertions.Execution.LateBoundTestFramework.Throw(String message)
   at FluentAssertions.Execution.DefaultAssertionStrategy.HandleFailure(String message)
   at FluentAssertions.Execution.AssertionScope.AddPreFormattedFailure(String formattedFailureMessage)
   at FluentAssertions.Execution.AssertionChain.FailWith(Func`1 getFailureReason)
   at FluentAssertions.Execution.AssertionChain.FailWith(Func`1 getFailureReason)
   at FluentAssertions.Execution.AssertionChain.FailWith(String message, Object[] args)
   at FluentAssertions.Primitives.BooleanAssertions`1.Be(Boolean expected, String because, Object[] becauseArgs)
   at AnagramSolver.BuisnessLogic.Tests.AnagramSearchEngineTests.CanSubstract_WithVariousInputs_ProducesExpectedResults(String letterBank, String signature, String expectedLeftover, Boolean expectedResult) in C:\Users\e.keizik\Tasks\AnagramSolver\AnagramSolver.BusinessLogic.Tests\SearchEngineTest.cs:line 181
   at InvokeStub_AnagramSearchEngineTests.CanSubstract_WithVariousInputs_ProducesExpectedResults(Object, Span`1)
   at System.Reflection.MethodBaseInvoker.InvokeWithFewArgs(Object obj, BindingFlags invokeAttr, Binder binder, Object[] parameters, CultureInfo culture)
  Failed AnagramSolver.BuisnessLogic.Tests.AnagramSearchEngineTests.FindAllCombinations_ExcludesWordsInOriginalWords [1 ms]
  Error Message:
   Expected allResults to contain 1 item(s), but found 0: {empty}.
  Stack Trace:
     at FluentAssertions.Execution.LateBoundTestFramework.Throw(String message)
   at FluentAssertions.Execution.DefaultAssertionStrategy.HandleFailure(String message)
   at FluentAssertions.Execution.AssertionScope.AddPreFormattedFailure(String formattedFailureMessage)
   at FluentAssertions.Execution.AssertionChain.FailWith(Func`1 getFailureReason)
   at FluentAssertions.Execution.AssertionChain.FailWith(Func`1 getFailureReason)
   at FluentAssertions.Execution.AssertionChain.FailWith(String message, Object[] args)
   at FluentAssertions.Collections.GenericCollectionAssertions`3.HaveCount(Int32 expected, String because, Object[] becauseArgs)
   at AnagramSolver.BuisnessLogic.Tests.AnagramSearchEngineTests.FindAllCombinations_ExcludesWordsInOriginalWords() in C:\Users\e.keizik\Tasks\AnagramSolver\AnagramSolver.BusinessLogic.Tests\SearchEngineTest.cs:line 369
   at System.RuntimeMethodHandle.InvokeMethod(Object target, Void** arguments, Signature sig, Boolean isConstructor)
   at System.Reflection.MethodBaseInvoker.InvokeWithNoArgs(Object obj, BindingFlags invokeAttr)
Starting test execution, please wait...
A total of 1 test files matched the specified pattern.

Passed!  - Failed:     0, Passed:     2, Skipped:     0, Total:     2, Duration: 102 ms - AnagramSolver.Cli.Tests.dll (net8.0)

Failed!  - Failed:     4, Passed:    30, Skipped:     0, Total:    34, Duration: 473 ms - AnagramSolver.BusinessLogic.Tests.dll (net8.0)

Passed!  - Failed:     0, Passed:     5, Skipped:     0, Total:     5, Duration: 152 ms - AnagramSolver.WebApp.Tests.dll (net8.0)
